// Jest Snapshot v1, https://goo.gl/fbAQLP

exports[`Testing GridGifItem It must show the component correctly 1`] = `
<div
  className="card animate__animated animate__fadeIn"
>
  <img
    alt="A tittle"
    src="https://localhost.algo.jpg"
  />
  <p>
    A tittle
  </p>
</div>
`;
